[(fromList [(Ident "x",undefined)],fromList [(Ident "rekur",ProcDecProc (ProcHead (Ident "rekur") (Args (ArgList (ArgLabel (IdLEnd (Ident "x")) TypeSpecInt) ArgListEmpty))) VarDecEmpty (CompStmnt (StmntList (SIf (IfStmntWithElse (ExpGreater (SimpleExpTerm (TermFactor (FactorIdent (Ident "x")))) (SimpleExpTerm (TermFactor (FactorConstant (ConstInt 0))))) (SComp (CompStmnt (StmntList (SPrint (PrintStmnt (ExpSimple (SimpleExpTerm (TermFactor (FactorExpression (ExpSimple (SimpleExpTerm (TermFactor (FactorIdent (Ident "x"))))))))))) (StmntList (SProc (ProcCall (Ident "rekur") (Act (ExpList (ExpSimple (SimpleExpSubst (SimpleExpTerm (TermFactor (FactorIdent (Ident "x")))) (TermFactor (FactorConstant (ConstInt 1))))) ExpListEmpty)))) StmntListEmpty)))) (SPrint (PrintStmnt (ExpSimple (SimpleExpTerm (TermFactor (FactorExpression (ExpSimple (SimpleExpTerm (TermFactor (FactorIdent (Ident "x"))))))))))))) StmntListEmpty)))])]
6
5
4
3
2
1
0
