"12"
453
[(fromList [(Ident "s","453"),(Ident "x",12),(Ident "y",453)],fromList [])]
