[(fromList [],fromList [(Ident "hej",ProcDecProc (ProcHead (Ident "hej") (Args (ArgList (ArgLabel (IdLEnd (Ident "x")) TypeSpecInt) ArgListEmpty))) (VarDecFull (VarDecListEnd (VarDecLabel (IdLEnd (Ident "y")) TypeSpecString))) (CompStmnt (StmntList (SPrint (PrintStmnt (ExpSimple (SimpleExpTerm (TermFactor (FactorExpression (ExpSimple (SimpleExpTerm (TermFactor (FactorIdent (Ident "y"))))))))))) (StmntList (SPrint (PrintStmnt (ExpSimple (SimpleExpTerm (TermFactor (FactorExpression (ExpSimple (SimpleExpTerm (TermFactor (FactorConstant (ConstString "hej"))))))))))) StmntListEmpty))))])]
