undefined
13
fromList [15,13,3,undefined,undefined]
fromList [fromList [fromList [undefined,undefined,undefined,undefined,undefined],fromList [15,13,3,undefined,undefined]],fromList [fromList [undefined,undefined,undefined,undefined,undefined],fromList [undefined,undefined,undefined,undefined,undefined]],fromList [fromList [undefined,undefined,undefined,undefined,undefined],fromList [undefined,undefined,undefined,undefined,undefined]]]
