[(fromList [],fromList [(Ident "silnia",ProcDecFun (FunHead (Ident "silnia") (Args (ArgList (ArgLabel (IdLEnd (Ident "a")) TypeSpecInt) ArgListEmpty)) TypeSpecInt) (Dec VarDecEmpty ProcDecEmpty) (CompStmnt (StmntList (SIf (IfStmntWithElse (ExpLessOrEqual (SimpleExpTerm (TermFactor (FactorIdent (Ident "a")))) (SimpleExpTerm (TermFactor (FactorConstant (ConstInt 1))))) (SAss (AssStmnt (Ident "silnia") (ExpSimple (SimpleExpTerm (TermFactor (FactorConstant (ConstInt 1))))))) (SAss (AssStmnt (Ident "silnia") (ExpSimple (SimpleExpTerm (TermMultiply (TermFactor (FactorIdent (Ident "a"))) (FactorFunctionCall (FunsCall (Ident "silnia") (Act (ExpList (ExpSimple (SimpleExpSubst (SimpleExpTerm (TermFactor (FactorIdent (Ident "a")))) (TermFactor (FactorConstant (ConstInt 1))))) ExpListEmpty))))))))))) StmntListEmpty)))])]
720
