[(fromList [(Ident "x",undefined),(Ident "y",undefined)],fromList [(Ident "add",ProcDecProc (ProcHead (Ident "add") (Args (ArgList (ArgLabel (IdL (Ident "x") (IdLEnd (Ident "y"))) TypeSpecInt) ArgListEmpty))) (Dec (VarDecFull (VarDecListEnd (VarDecLabel (IdLEnd (Ident "z")) TypeSpecInt))) ProcDecEmpty) (CompStmnt (StmntList (SAss (AssStmnt (Ident "x") (ExpSimple (SimpleExpAdd (SimpleExpTerm (TermFactor (FactorIdent (Ident "x")))) (TermFactor (FactorConstant (ConstInt 1))))))) (StmntList (SPrint (PrintStmnt (ExpSimple (SimpleExpTerm (TermFactor (FactorExpression (ExpSimple (SimpleExpTerm (TermFactor (FactorIdent (Ident "x"))))))))))) (StmntList (SAss (AssStmnt (Ident "y") (ExpSimple (SimpleExpAdd (SimpleExpTerm (TermFactor (FactorIdent (Ident "y")))) (TermFactor (FactorConstant (ConstInt 1))))))) (StmntList (SPrint (PrintStmnt (ExpSimple (SimpleExpTerm (TermFactor (FactorExpression (ExpSimple (SimpleExpTerm (TermFactor (FactorIdent (Ident "y"))))))))))) (StmntList (SAss (AssStmnt (Ident "z") (ExpSimple (SimpleExpAdd (SimpleExpTerm (TermFactor (FactorIdent (Ident "x")))) (TermFactor (FactorIdent (Ident "y"))))))) (StmntList (SPrint (PrintStmnt (ExpSimple (SimpleExpTerm (TermFactor (FactorExpression (ExpSimple (SimpleExpTerm (TermFactor (FactorIdent (Ident "z"))))))))))) StmntListEmpty))))))))])]
5
10
6
11
17
5
10
