6
9
12
15
18
21
24
27
30
33
[(fromList [(Ident "i",11),(Ident "k",3)],fromList [])]
