[(fromList [(Ident "x",fromList [fromList [fromList [undefined,undefined,undefined,undefined,undefined],fromList [undefined,undefined,undefined,undefined,undefined]],fromList [fromList [undefined,undefined,undefined,undefined,undefined],fromList [undefined,undefined,undefined,undefined,undefined]],fromList [fromList [undefined,undefined,undefined,undefined,undefined],fromList [undefined,undefined,undefined,undefined,undefined]]])],fromList [(Ident "z",ProcDecProc (ProcHead (Ident "z") (Args (ArgList (ArgLabel (IdLEnd (Ident "y")) (TypeSpecArray (DimListEnd 3) TypeSpecInt)) ArgListEmpty))) (Dec VarDecEmpty ProcDecEmpty) (CompStmnt (StmntList (SPrint (PrintStmnt (ExpSimple (SimpleExpTerm (TermFactor (FactorExpression (ExpSimple (SimpleExpTerm (TermFactor (FactorIdent (Ident "x"))))))))))) StmntListEmpty)))])]
undefined
13
fromList [15,13,3,undefined,undefined]
fromList [fromList [fromList [undefined,undefined,undefined,undefined,undefined],fromList [15,13,3,undefined,undefined]],fromList [fromList [undefined,undefined,undefined,undefined,undefined],fromList [undefined,undefined,undefined,undefined,undefined]],fromList [fromList [undefined,undefined,undefined,undefined,undefined],fromList [undefined,undefined,undefined,undefined,undefined]]]
